nov-25 12:23:43.823 [main] DEBUG nextflow.cli.Launcher - $> nextflow run /home/kato/ViralFlow//vfnext/main.nf --primersBED /home/kato/Documents/geo_data/script/viralflow_facility/test_file/SARS-CoV-2_artic_5.3.2.bed --outDir /home/kato/Documents/geo_data/script/viralflow_facility/test_file/output --inDir /home/kato/Documents/geo_data/script/viralflow_facility/test_file/input --virus sars-cov2 --runSnpEff true --writeMappedReads true --minLen 75 --depth 10 --minDpIntrahost 100 --trimLen 0 --refGenomeCode null --referenceGFF null --referenceGenome null --nextflowSimCalls 12 --fastp_threads 12 --bwa_threads 12 --mafft_threads 12 -resume
nov-25 12:23:43.893 [main] INFO  nextflow.cli.CmdRun - N E X T F L O W  ~  version 22.04.0
nov-25 12:23:43.907 [main] DEBUG nextflow.config.ConfigBuilder - Found config base: /home/kato/ViralFlow/vfnext/nextflow.config
nov-25 12:23:43.908 [main] DEBUG nextflow.config.ConfigBuilder - Parsing config file: /home/kato/ViralFlow/vfnext/nextflow.config
nov-25 12:23:43.927 [main] DEBUG nextflow.config.ConfigBuilder - Applying config profile: `standard`
nov-25 12:23:44.734 [main] INFO  nextflow.cli.CmdRun - Launching `/home/kato/ViralFlow/vfnext/main.nf` [amazing_hilbert] DSL2 - revision: 8bcd2171a9
nov-25 12:23:44.744 [main] DEBUG nextflow.plugin.PluginsFacade - Setting up plugin manager > mode=prod; plugins-dir=/home/kato/.nextflow/plugins; core-plugins: nf-amazon@1.7.1,nf-azure@0.13.1,nf-console@1.0.3,nf-ga4gh@1.0.3,nf-google@1.1.4,nf-sqldb@0.4.0,nf-tower@1.4.0
nov-25 12:23:44.744 [main] DEBUG nextflow.plugin.PluginsFacade - Plugins default=[]
nov-25 12:23:44.753 [main] INFO  org.pf4j.DefaultPluginStatusProvider - Enabled plugins: []
nov-25 12:23:44.754 [main] INFO  org.pf4j.DefaultPluginStatusProvider - Disabled plugins: []
nov-25 12:23:44.756 [main] INFO  org.pf4j.DefaultPluginManager - PF4J version 3.4.1 in 'deployment' mode
nov-25 12:23:44.763 [main] INFO  org.pf4j.AbstractPluginManager - No plugins
nov-25 12:23:44.801 [main] DEBUG nextflow.Session - Session uuid: da9d15ea-178d-460d-9da7-c35c979b76cc
nov-25 12:23:44.802 [main] DEBUG nextflow.Session - Run name: amazing_hilbert
nov-25 12:23:44.802 [main] DEBUG nextflow.Session - Executor pool size: 16
nov-25 12:23:44.811 [main] DEBUG nextflow.cli.CmdRun - 
  Version: 22.04.0 build 5697
  Created: 23-04-2022 18:00 UTC (15:00 BRST)
  System: Linux 5.15.0-125-generic
  Runtime: Groovy 3.0.10 on OpenJDK 64-Bit Server VM 1.8.0_92-b15
  Encoding: UTF-8 (UTF-8)
  Process: 115970@geovaniribeiro [127.0.1.1]
  CPUs: 16 - Mem: 62.6 GB (22.4 GB) - Swap: 16 MB (16 MB)
nov-25 12:23:44.833 [main] DEBUG nextflow.Session - Work-dir: /home/kato/Documents/geo_data/script/viralflow_facility/ViralFlow_GUI/work [ext2/ext3]
nov-25 12:23:44.845 [main] DEBUG nextflow.executor.ExecutorFactory - Extension executors providers=[]
nov-25 12:23:44.854 [main] DEBUG nextflow.Session - Observer factory: DefaultObserverFactory
nov-25 12:23:44.890 [main] DEBUG nextflow.cache.CacheFactory - Using Nextflow cache factory: nextflow.cache.DefaultCacheFactory
nov-25 12:23:44.910 [main] DEBUG nextflow.util.CustomThreadPool - Creating default thread pool > poolSize: 17; maxThreads: 1000
nov-25 12:23:45.040 [main] DEBUG nextflow.Session - Session start invoked
nov-25 12:23:45.422 [main] DEBUG nextflow.script.ScriptRunner - > Launching execution
nov-25 12:23:46.463 [main] INFO  nextflow.Nextflow - 
===========================================
VFNEXT v1.2.0
parameters:
-------------------------------------------
--inDir            : /home/kato/Documents/geo_data/script/viralflow_facility/test_file/input
--outDir           : /home/kato/Documents/geo_data/script/viralflow_facility/test_file/output
--virus            : sars-cov2
--refGenomeCode   *: null
--referenceGenome *: null
--referenceGFF    *: null
--primersBED       : /home/kato/Documents/geo_data/script/viralflow_facility/test_file/SARS-CoV-2_artic_5.3.2.bed
--minLen           : 75
--depth            : 10
--minDpIntrahost   : 100
--trimLen          : 0
--databaseDir      : /home/kato/ViralFlow/vfnext/databases/
--runSnpEff        : true
--writeMappedReads : true
--nextflowSimCalls : 12
--fastp_threads    : 12
--dedup            : false
--ndedup           : 3
--bwa_threads      : 12
--mafft_threads    : 12
--mapping_quality  : 30
--base_quality     : 30
--minBamSize       : 500


* Only required for "custom" virus
Runtime data:
-------------------------------------------
Running with profile:   [1;32mstandard[0m
Run container:          [1;32m[:][0m
Running as user:        [1;32mkato[0m
Launch dir:             [1;32m/home/kato/Documents/geo_data/script/viralflow_facility/ViralFlow_GUI[0m
Base dir:               [1;32m/home/kato/ViralFlow/vfnext[0m
------------------------------------------

nov-25 12:23:46.474 [main] WARN  nextflow.Nextflow - The valid virus tag (sars-cov2) was provided, ingnoring the provided referenceGFF (null)
nov-25 12:23:46.475 [main] WARN  nextflow.Nextflow - The valid virus tag (sars-cov2) was provided, ingnoring the provided referenceGenome (null)
nov-25 12:23:46.476 [main] WARN  nextflow.Nextflow - The valid virus tag (sars-cov2) was provided, ingnoring the provided refGenomeCode (null)
nov-25 12:23:46.578 [main] DEBUG nextflow.script.ProcessConfig - Config settings `withName:prepareDatabase` matches process processInputs:prepareDatabase
nov-25 12:23:46.596 [main] DEBUG nextflow.executor.ExecutorFactory - << taskConfig executor: local
nov-25 12:23:46.596 [main] DEBUG nextflow.executor.ExecutorFactory - >> processorType: 'local'
nov-25 12:23:46.600 [main] DEBUG nextflow.executor.Executor - [warm up] executor > local
nov-25 12:23:46.604 [main] DEBUG n.processor.LocalPollingMonitor - Creating local task monitor for executor 'local' > cpus=12; memory=62.6 GB; capacity=16; pollInterval=100ms; dumpInterval=5m
nov-25 12:23:46.748 [main] DEBUG nextflow.script.ProcessConfig - Config settings `withName:indexReferenceBWA` matches process indexReferenceBWA
nov-25 12:23:46.752 [main] DEBUG nextflow.executor.ExecutorFactory - << taskConfig executor: local
nov-25 12:23:46.752 [main] DEBUG nextflow.executor.ExecutorFactory - >> processorType: 'local'
nov-25 12:23:46.759 [main] DEBUG nextflow.script.ProcessConfig - Config settings `withName:genFaIdx` matches process genFaIdx
nov-25 12:23:46.760 [main] DEBUG nextflow.executor.ExecutorFactory - << taskConfig executor: local
nov-25 12:23:46.760 [main] DEBUG nextflow.executor.ExecutorFactory - >> processorType: 'local'
nov-25 12:23:46.774 [main] DEBUG nextflow.script.ProcessConfig - Config settings `withName:runFastp` matches process runFastp
nov-25 12:23:46.775 [main] DEBUG nextflow.executor.ExecutorFactory - << taskConfig executor: local
nov-25 12:23:46.775 [main] DEBUG nextflow.executor.ExecutorFactory - >> processorType: 'local'
nov-25 12:23:46.801 [main] DEBUG nextflow.script.ProcessConfig - Config settings `withName:align2ref` matches process align2ref
nov-25 12:23:46.802 [main] DEBUG nextflow.executor.ExecutorFactory - << taskConfig executor: local
nov-25 12:23:46.802 [main] DEBUG nextflow.executor.ExecutorFactory - >> processorType: 'local'
nov-25 12:23:46.814 [main] DEBUG nextflow.script.ProcessConfig - Config settings `withName:coveragePlot` matches process coveragePlot
nov-25 12:23:46.815 [main] DEBUG nextflow.executor.ExecutorFactory - << taskConfig executor: local
nov-25 12:23:46.815 [main] DEBUG nextflow.executor.ExecutorFactory - >> processorType: 'local'
nov-25 12:23:46.820 [main] DEBUG nextflow.script.ProcessConfig - Config settings `withName:getMappedReads` matches process getMappedReads
nov-25 12:23:46.821 [main] DEBUG nextflow.executor.ExecutorFactory - << taskConfig executor: local
nov-25 12:23:46.822 [main] DEBUG nextflow.executor.ExecutorFactory - >> processorType: 'local'
nov-25 12:23:46.826 [main] DEBUG nextflow.script.ProcessConfig - Config settings `withName:getUnmappedReads` matches process getUnmappedReads
nov-25 12:23:46.827 [main] DEBUG nextflow.executor.ExecutorFactory - << taskConfig executor: local
nov-25 12:23:46.827 [main] DEBUG nextflow.executor.ExecutorFactory - >> processorType: 'local'
nov-25 12:23:46.830 [main] DEBUG nextflow.script.ProcessConfig - Config settings `withName:bamToFastq` matches process bamToFastq
nov-25 12:23:46.831 [main] DEBUG nextflow.executor.ExecutorFactory - << taskConfig executor: local
nov-25 12:23:46.831 [main] DEBUG nextflow.executor.ExecutorFactory - >> processorType: 'local'
nov-25 12:23:46.834 [main] DEBUG nextflow.script.ProcessConfig - Config settings `withName:runIvar` matches process runIvar
nov-25 12:23:46.835 [main] DEBUG nextflow.executor.ExecutorFactory - << taskConfig executor: local
nov-25 12:23:46.835 [main] DEBUG nextflow.executor.ExecutorFactory - >> processorType: 'local'
nov-25 12:23:46.838 [main] DEBUG nextflow.script.ProcessConfig - Config settings `withName:runReadCounts` matches process runReadCounts
nov-25 12:23:46.839 [main] DEBUG nextflow.executor.ExecutorFactory - << taskConfig executor: local
nov-25 12:23:46.839 [main] DEBUG nextflow.executor.ExecutorFactory - >> processorType: 'local'
nov-25 12:23:46.841 [main] DEBUG nextflow.script.ProcessConfig - Config settings `withName:checkSnpEffDB` matches process checkSnpEffDB
nov-25 12:23:46.842 [main] DEBUG nextflow.executor.ExecutorFactory - << taskConfig executor: local
nov-25 12:23:46.842 [main] DEBUG nextflow.executor.ExecutorFactory - >> processorType: 'local'
nov-25 12:23:46.847 [main] DEBUG nextflow.script.ProcessConfig - Config settings `withName:runSnpEff` matches process runSnpEff
nov-25 12:23:46.848 [main] DEBUG nextflow.executor.ExecutorFactory - << taskConfig executor: local
nov-25 12:23:46.848 [main] DEBUG nextflow.executor.ExecutorFactory - >> processorType: 'local'
nov-25 12:23:46.853 [main] DEBUG nextflow.script.ProcessConfig - Config settings `withName:runVfReport` matches process runVfReport
nov-25 12:23:46.853 [main] DEBUG nextflow.executor.ExecutorFactory - << taskConfig executor: local
nov-25 12:23:46.853 [main] DEBUG nextflow.executor.ExecutorFactory - >> processorType: 'local'
nov-25 12:23:46.858 [main] DEBUG nextflow.script.ProcessConfig - Config settings `withName:alignConsensus2Ref` matches process alignConsensus2Ref
nov-25 12:23:46.858 [main] DEBUG nextflow.executor.ExecutorFactory - << taskConfig executor: local
nov-25 12:23:46.858 [main] DEBUG nextflow.executor.ExecutorFactory - >> processorType: 'local'
nov-25 12:23:46.862 [main] DEBUG nextflow.script.ProcessConfig - Config settings `withName:snpPlot` matches process snpPlot
nov-25 12:23:46.863 [main] DEBUG nextflow.executor.ExecutorFactory - << taskConfig executor: local
nov-25 12:23:46.863 [main] DEBUG nextflow.executor.ExecutorFactory - >> processorType: 'local'
nov-25 12:23:46.867 [main] DEBUG nextflow.script.ProcessConfig - Config settings `withName:runPicard` matches process runPicard
nov-25 12:23:46.867 [main] DEBUG nextflow.executor.ExecutorFactory - << taskConfig executor: local
nov-25 12:23:46.867 [main] DEBUG nextflow.executor.ExecutorFactory - >> processorType: 'local'
nov-25 12:23:46.874 [main] DEBUG nextflow.executor.ExecutorFactory - << taskConfig executor: local
nov-25 12:23:46.874 [main] DEBUG nextflow.executor.ExecutorFactory - >> processorType: 'local'
nov-25 12:23:46.878 [main] DEBUG nextflow.executor.ExecutorFactory - << taskConfig executor: local
nov-25 12:23:46.878 [main] DEBUG nextflow.executor.ExecutorFactory - >> processorType: 'local'
nov-25 12:23:46.883 [main] DEBUG nextflow.script.ProcessConfig - Config settings `withName:runPangolin` matches process runPangolin
nov-25 12:23:46.883 [main] DEBUG nextflow.executor.ExecutorFactory - << taskConfig executor: local
nov-25 12:23:46.883 [main] DEBUG nextflow.executor.ExecutorFactory - >> processorType: 'local'
nov-25 12:23:46.885 [main] DEBUG nextflow.script.ProcessConfig - Config settings `withName:runNextClade` matches process runNextClade
nov-25 12:23:46.885 [main] DEBUG nextflow.executor.ExecutorFactory - << taskConfig executor: local
nov-25 12:23:46.885 [main] DEBUG nextflow.executor.ExecutorFactory - >> processorType: 'local'
nov-25 12:23:46.889 [main] DEBUG nextflow.script.ProcessConfig - Config settings `withName:compileOutputs` matches process compileOutputs_SC2
nov-25 12:23:46.889 [main] DEBUG nextflow.executor.ExecutorFactory - << taskConfig executor: local
nov-25 12:23:46.889 [main] DEBUG nextflow.executor.ExecutorFactory - >> processorType: 'local'
nov-25 12:23:46.891 [main] DEBUG nextflow.Session - Workflow process names [dsl2]: align2ref, indexReferenceBWA, fixWGS, bamToFastq, snpPlot, runPangolin, prepareDatabase, checkSnpEffDB, processInputs:prepareDatabase, runVfReport, runSnpEff, getUnmappedReads, compileOutputs_SC2, runFastp, runIvar, coveragePlot, runReadCounts, runIntraHostScript, genFaIdx, runNextClade, compileOutputs, alignConsensus2Ref, runPicard, getMappedReads
nov-25 12:23:46.893 [main] DEBUG nextflow.Session - Ignite dataflow network (24)
nov-25 12:23:46.893 [main] DEBUG nextflow.processor.TaskProcessor - Starting process > processInputs:prepareDatabase
nov-25 12:23:46.898 [PathVisitor-1] DEBUG nextflow.file.PathVisitor - files for syntax: glob; folder: /home/kato/Documents/geo_data/script/viralflow_facility/test_file/input/; pattern: *_R{1,2}*.fq.gz; options: [:]
nov-25 12:23:46.899 [main] DEBUG nextflow.processor.TaskProcessor - Starting process > indexReferenceBWA
nov-25 12:23:46.899 [PathVisitor-2] DEBUG nextflow.file.PathVisitor - files for syntax: glob; folder: /home/kato/Documents/geo_data/script/viralflow_facility/test_file/input/; pattern: *_R{1,2}*.fastq.gz; options: [:]
nov-25 12:23:46.899 [main] DEBUG nextflow.processor.TaskProcessor - Starting process > genFaIdx
nov-25 12:23:46.899 [main] DEBUG nextflow.processor.TaskProcessor - Starting process > runFastp
nov-25 12:23:46.899 [main] DEBUG nextflow.processor.TaskProcessor - Starting process > align2ref
nov-25 12:23:46.899 [main] DEBUG nextflow.processor.TaskProcessor - Starting process > coveragePlot
nov-25 12:23:46.899 [main] DEBUG nextflow.processor.TaskProcessor - Starting process > getMappedReads
nov-25 12:23:46.899 [main] DEBUG nextflow.processor.TaskProcessor - Starting process > getUnmappedReads
nov-25 12:23:46.899 [main] DEBUG nextflow.processor.TaskProcessor - Starting process > bamToFastq
nov-25 12:23:46.899 [main] DEBUG nextflow.processor.TaskProcessor - Starting process > runIvar
nov-25 12:23:46.899 [main] DEBUG nextflow.processor.TaskProcessor - Starting process > runReadCounts
nov-25 12:23:46.899 [main] DEBUG nextflow.processor.TaskProcessor - Starting process > checkSnpEffDB
nov-25 12:23:46.899 [main] DEBUG nextflow.processor.TaskProcessor - Starting process > runSnpEff
nov-25 12:23:46.899 [main] DEBUG nextflow.processor.TaskProcessor - Starting process > runVfReport
nov-25 12:23:46.899 [main] DEBUG nextflow.processor.TaskProcessor - Starting process > alignConsensus2Ref
nov-25 12:23:46.901 [main] DEBUG nextflow.processor.TaskProcessor - Starting process > snpPlot
nov-25 12:23:46.901 [main] DEBUG nextflow.processor.TaskProcessor - Starting process > runPicard
nov-25 12:23:46.901 [main] DEBUG nextflow.processor.TaskProcessor - Starting process > fixWGS
nov-25 12:23:46.901 [main] DEBUG nextflow.processor.TaskProcessor - Starting process > runIntraHostScript
nov-25 12:23:46.901 [main] DEBUG nextflow.processor.TaskProcessor - Starting process > runPangolin
nov-25 12:23:46.901 [main] DEBUG nextflow.processor.TaskProcessor - Starting process > runNextClade
nov-25 12:23:46.901 [main] DEBUG nextflow.processor.TaskProcessor - Starting process > compileOutputs_SC2
nov-25 12:23:46.901 [main] DEBUG nextflow.script.ScriptRunner - > Await termination 
nov-25 12:23:46.901 [main] DEBUG nextflow.Session - Session await
nov-25 12:23:47.067 [Task submitter] DEBUG nextflow.executor.LocalTaskHandler - Launch cmd line: /bin/bash -ue .command.run
nov-25 12:23:47.070 [Task submitter] INFO  nextflow.Session - [5e/829784] Submitted process > runFastp (1)
nov-25 12:23:47.078 [Task submitter] DEBUG nextflow.executor.LocalTaskHandler - Launch cmd line: /bin/bash -ue .command.run
nov-25 12:23:47.078 [Task submitter] INFO  nextflow.Session - [c4/bc60e3] Submitted process > checkSnpEffDB
nov-25 12:23:47.083 [Task submitter] DEBUG nextflow.executor.LocalTaskHandler - Launch cmd line: /bin/bash -ue .command.run
nov-25 12:23:47.083 [Task submitter] INFO  nextflow.Session - [19/1b8168] Submitted process > processInputs:prepareDatabase
nov-25 12:23:47.296 [Task monitor] DEBUG n.processor.TaskPollingMonitor - Task completed > TaskHandler[id: 2; name: checkSnpEffDB; status: COMPLETED; exit: 0; error: -; workDir: /home/kato/Documents/geo_data/script/viralflow_facility/ViralFlow_GUI/work/c4/bc60e344e56969602f3e4cdcc9d516]
nov-25 12:23:47.304 [Task monitor] DEBUG nextflow.util.ThreadPoolBuilder - Creating thread pool 'FileTransfer' minSize=4; maxSize=4; workQueue=LinkedBlockingQueue[10000]; allowCoreThreadTimeout=false
nov-25 12:23:49.101 [Task monitor] DEBUG n.processor.TaskPollingMonitor - Task completed > TaskHandler[id: 1; name: processInputs:prepareDatabase; status: COMPLETED; exit: 0; error: -; workDir: /home/kato/Documents/geo_data/script/viralflow_facility/ViralFlow_GUI/work/19/1b8168fcdc6091e7193d0144649c72]
nov-25 12:23:49.108 [Task submitter] DEBUG nextflow.executor.LocalTaskHandler - Launch cmd line: /bin/bash -ue .command.run
nov-25 12:23:49.109 [Task submitter] INFO  nextflow.Session - [32/3793ea] Submitted process > genFaIdx
nov-25 12:23:49.114 [Task submitter] DEBUG nextflow.executor.LocalTaskHandler - Launch cmd line: /bin/bash -ue .command.run
nov-25 12:23:49.114 [Task submitter] INFO  nextflow.Session - [f3/5db4ba] Submitted process > indexReferenceBWA
nov-25 12:23:51.280 [Task monitor] DEBUG n.processor.TaskPollingMonitor - Task completed > TaskHandler[id: 4; name: genFaIdx; status: COMPLETED; exit: 0; error: -; workDir: /home/kato/Documents/geo_data/script/viralflow_facility/ViralFlow_GUI/work/32/3793ea670c1e0f2ef12fb237a642db]
nov-25 12:23:51.504 [Task monitor] DEBUG n.processor.TaskPollingMonitor - Task completed > TaskHandler[id: 5; name: indexReferenceBWA; status: COMPLETED; exit: 0; error: -; workDir: /home/kato/Documents/geo_data/script/viralflow_facility/ViralFlow_GUI/work/f3/5db4ba818150a4fe2b24c5d3c85863]
nov-25 12:24:01.430 [Task monitor] DEBUG n.processor.TaskPollingMonitor - Task completed > TaskHandler[id: 3; name: runFastp (1); status: COMPLETED; exit: 0; error: -; workDir: /home/kato/Documents/geo_data/script/viralflow_facility/ViralFlow_GUI/work/5e/8297848df1735beb3c7ea1305dc51e]
nov-25 12:24:01.452 [Task submitter] DEBUG nextflow.executor.LocalTaskHandler - Launch cmd line: /bin/bash -ue .command.run
nov-25 12:24:01.452 [Task submitter] INFO  nextflow.Session - [14/3ecc72] Submitted process > align2ref (1)
nov-25 12:24:16.918 [Task monitor] DEBUG n.processor.TaskPollingMonitor - Task completed > TaskHandler[id: 6; name: align2ref (1); status: COMPLETED; exit: 0; error: -; workDir: /home/kato/Documents/geo_data/script/viralflow_facility/ViralFlow_GUI/work/14/3ecc72f2d48e227371d33a33f7fd42]
nov-25 12:24:16.933 [Task submitter] DEBUG nextflow.executor.LocalTaskHandler - Launch cmd line: /bin/bash -ue .command.run
nov-25 12:24:16.934 [Task submitter] INFO  nextflow.Session - [77/a0ca71] Submitted process > getMappedReads (1)
nov-25 12:24:16.942 [Task submitter] DEBUG nextflow.executor.LocalTaskHandler - Launch cmd line: /bin/bash -ue .command.run
nov-25 12:24:16.942 [Task submitter] INFO  nextflow.Session - [a3/ecfbd0] Submitted process > getUnmappedReads (1)
nov-25 12:24:16.948 [Task submitter] DEBUG nextflow.executor.LocalTaskHandler - Launch cmd line: /bin/bash -ue .command.run
nov-25 12:24:16.948 [Task submitter] INFO  nextflow.Session - [5d/617867] Submitted process > coveragePlot (1)
nov-25 12:24:16.952 [Task submitter] DEBUG nextflow.executor.LocalTaskHandler - Launch cmd line: /bin/bash -ue .command.run
nov-25 12:24:16.953 [Task submitter] INFO  nextflow.Session - [27/fc934c] Submitted process > runReadCounts (1)
nov-25 12:24:16.958 [Task submitter] DEBUG nextflow.executor.LocalTaskHandler - Launch cmd line: /bin/bash -ue .command.run
nov-25 12:24:16.958 [Task submitter] INFO  nextflow.Session - [5a/31422a] Submitted process > runPicard (1)
nov-25 12:24:16.961 [Task submitter] DEBUG nextflow.executor.LocalTaskHandler - Launch cmd line: /bin/bash -ue .command.run
nov-25 12:24:16.961 [Task submitter] INFO  nextflow.Session - [54/dcbe2f] Submitted process > runIvar (1)
nov-25 12:24:16.964 [Task submitter] DEBUG nextflow.executor.LocalTaskHandler - Launch cmd line: /bin/bash -ue .command.run
nov-25 12:24:16.965 [Task submitter] INFO  nextflow.Session - [9c/74a438] Submitted process > runSnpEff (1)
nov-25 12:24:26.312 [Task monitor] DEBUG n.processor.TaskPollingMonitor - Task completed > TaskHandler[id: 9; name: getUnmappedReads (1); status: COMPLETED; exit: 0; error: -; workDir: /home/kato/Documents/geo_data/script/viralflow_facility/ViralFlow_GUI/work/a3/ecfbd00f9906bfba752370aadec025]
nov-25 12:24:26.319 [Task submitter] DEBUG nextflow.executor.LocalTaskHandler - Launch cmd line: /bin/bash -ue .command.run
nov-25 12:24:26.319 [Task submitter] INFO  nextflow.Session - [11/9a6eb0] Submitted process > bamToFastq (1)
nov-25 12:24:28.459 [Task monitor] DEBUG n.processor.TaskPollingMonitor - Task completed > TaskHandler[id: 14; name: bamToFastq (1); status: COMPLETED; exit: 0; error: -; workDir: /home/kato/Documents/geo_data/script/viralflow_facility/ViralFlow_GUI/work/11/9a6eb0081a68cb765323181ad3725a]
nov-25 12:24:29.186 [Task monitor] DEBUG n.processor.TaskPollingMonitor - Task completed > TaskHandler[id: 11; name: getMappedReads (1); status: COMPLETED; exit: 0; error: -; workDir: /home/kato/Documents/geo_data/script/viralflow_facility/ViralFlow_GUI/work/77/a0ca71242ae5926925100b73bd0b54]
nov-25 12:24:31.664 [Task monitor] DEBUG n.processor.TaskPollingMonitor - Task completed > TaskHandler[id: 12; name: runReadCounts (1); status: COMPLETED; exit: 0; error: -; workDir: /home/kato/Documents/geo_data/script/viralflow_facility/ViralFlow_GUI/work/27/fc934c71e7365f1e16bdf6dac02d0e]
nov-25 12:24:34.895 [Task monitor] DEBUG n.processor.TaskPollingMonitor - Task completed > TaskHandler[id: 8; name: runIvar (1); status: COMPLETED; exit: 0; error: -; workDir: /home/kato/Documents/geo_data/script/viralflow_facility/ViralFlow_GUI/work/54/dcbe2fe8097f0e4cbcc482c4c51b76]
nov-25 12:24:34.914 [Task submitter] DEBUG nextflow.executor.LocalTaskHandler - Launch cmd line: /bin/bash -ue .command.run
nov-25 12:24:34.914 [Task submitter] INFO  nextflow.Session - [9c/ea4e7a] Submitted process > alignConsensus2Ref (1)
nov-25 12:24:36.490 [Task monitor] DEBUG n.processor.TaskPollingMonitor - Task completed > TaskHandler[id: 15; name: alignConsensus2Ref (1); status: COMPLETED; exit: 0; error: -; workDir: /home/kato/Documents/geo_data/script/viralflow_facility/ViralFlow_GUI/work/9c/ea4e7a2d1b1b3726f957edc38466f1]
nov-25 12:24:36.506 [Task submitter] DEBUG nextflow.executor.LocalTaskHandler - Launch cmd line: /bin/bash -ue .command.run
nov-25 12:24:36.507 [Task submitter] INFO  nextflow.Session - [b2/e9f016] Submitted process > snpPlot (1)
nov-25 12:24:36.511 [Task submitter] DEBUG nextflow.executor.LocalTaskHandler - Launch cmd line: /bin/bash -ue .command.run
nov-25 12:24:36.511 [Task submitter] INFO  nextflow.Session - [8a/4459f9] Submitted process > runIntraHostScript (1)
nov-25 12:24:44.079 [Task monitor] DEBUG n.processor.TaskPollingMonitor - Task completed > TaskHandler[id: 16; name: snpPlot (1); status: COMPLETED; exit: 0; error: -; workDir: /home/kato/Documents/geo_data/script/viralflow_facility/ViralFlow_GUI/work/b2/e9f016e28ef441d3dcd95d65e5f302]
nov-25 12:24:45.967 [Task monitor] DEBUG n.processor.TaskPollingMonitor - Task completed > TaskHandler[id: 10; name: runSnpEff (1); status: COMPLETED; exit: 0; error: -; workDir: /home/kato/Documents/geo_data/script/viralflow_facility/ViralFlow_GUI/work/9c/74a438d210ae802749b0ac7f65810f]
nov-25 12:24:45.974 [Task submitter] DEBUG nextflow.executor.LocalTaskHandler - Launch cmd line: /bin/bash -ue .command.run
nov-25 12:24:45.974 [Task submitter] INFO  nextflow.Session - [37/73c9e2] Submitted process > runVfReport
nov-25 12:24:47.360 [Task monitor] DEBUG n.processor.TaskPollingMonitor - Task completed > TaskHandler[id: 7; name: coveragePlot (1); status: COMPLETED; exit: 0; error: -; workDir: /home/kato/Documents/geo_data/script/viralflow_facility/ViralFlow_GUI/work/5d/617867c5a9e6dd728591c7fc288957]
nov-25 12:24:47.361 [Task monitor] DEBUG nextflow.processor.TaskProcessor - Process `coveragePlot (1)` is unable to find [UnixPath]: `/home/kato/Documents/geo_data/script/viralflow_facility/ViralFlow_GUI/work/5d/617867c5a9e6dd728591c7fc288957/coveragePlot_result.txt` (pattern: `coveragePlot_result.txt`)
nov-25 12:24:47.414 [Task monitor] DEBUG nextflow.processor.TaskProcessor - Process coveragePlot > Skipping output binding because one or more optional files are missing: fileoutparam<1>
nov-25 12:24:48.195 [Task monitor] DEBUG n.processor.TaskPollingMonitor - Task completed > TaskHandler[id: 18; name: runVfReport; status: COMPLETED; exit: 0; error: -; workDir: /home/kato/Documents/geo_data/script/viralflow_facility/ViralFlow_GUI/work/37/73c9e2c83576697a8af69c297f1552]
nov-25 12:24:53.930 [Task monitor] DEBUG n.processor.TaskPollingMonitor - Task completed > TaskHandler[id: 17; name: runIntraHostScript (1); status: COMPLETED; exit: 0; error: -; workDir: /home/kato/Documents/geo_data/script/viralflow_facility/ViralFlow_GUI/work/8a/4459f977f6b0cecbfb278b03356478]
nov-25 12:24:53.981 [Task submitter] DEBUG nextflow.executor.LocalTaskHandler - Launch cmd line: /bin/bash -ue .command.run
nov-25 12:24:53.981 [Task submitter] INFO  nextflow.Session - [55/bb1589] Submitted process > runNextClade (1)
nov-25 12:24:53.985 [Task submitter] DEBUG nextflow.executor.LocalTaskHandler - Launch cmd line: /bin/bash -ue .command.run
nov-25 12:24:53.985 [Task submitter] INFO  nextflow.Session - [16/1588e8] Submitted process > runPangolin (1)
nov-25 12:24:55.796 [Task monitor] DEBUG n.processor.TaskPollingMonitor - Task completed > TaskHandler[id: 19; name: runNextClade (1); status: COMPLETED; exit: 0; error: -; workDir: /home/kato/Documents/geo_data/script/viralflow_facility/ViralFlow_GUI/work/55/bb1589f5252c00a57c4aaeface23bd]
nov-25 12:24:56.726 [Task monitor] DEBUG n.processor.TaskPollingMonitor - Task completed > TaskHandler[id: 13; name: runPicard (1); status: COMPLETED; exit: 0; error: -; workDir: /home/kato/Documents/geo_data/script/viralflow_facility/ViralFlow_GUI/work/5a/31422a471a27e9e01634f3bdd00321]
nov-25 12:24:56.736 [Task submitter] DEBUG nextflow.executor.LocalTaskHandler - Launch cmd line: /bin/bash -ue .command.run
nov-25 12:24:56.736 [Task submitter] INFO  nextflow.Session - [a4/e9f5f0] Submitted process > fixWGS (1)
nov-25 12:24:57.121 [Task monitor] DEBUG n.processor.TaskPollingMonitor - Task completed > TaskHandler[id: 21; name: fixWGS (1); status: COMPLETED; exit: 0; error: -; workDir: /home/kato/Documents/geo_data/script/viralflow_facility/ViralFlow_GUI/work/a4/e9f5f08316c62746a22df893931865]
nov-25 12:25:11.143 [Task monitor] DEBUG n.processor.TaskPollingMonitor - Task completed > TaskHandler[id: 20; name: runPangolin (1); status: COMPLETED; exit: 0; error: -; workDir: /home/kato/Documents/geo_data/script/viralflow_facility/ViralFlow_GUI/work/16/1588e88f4f352293ee9c90c87ffc93]
nov-25 12:25:11.155 [Task submitter] DEBUG nextflow.executor.LocalTaskHandler - Launch cmd line: /bin/bash -ue .command.run
nov-25 12:25:11.155 [Task submitter] INFO  nextflow.Session - [e7/fa6666] Submitted process > compileOutputs_SC2
nov-25 12:25:13.572 [Task monitor] DEBUG n.processor.TaskPollingMonitor - Task completed > TaskHandler[id: 22; name: compileOutputs_SC2; status: COMPLETED; exit: 0; error: -; workDir: /home/kato/Documents/geo_data/script/viralflow_facility/ViralFlow_GUI/work/e7/fa666670f21b7afe68143e7b1aa41c]
nov-25 12:25:13.573 [main] DEBUG nextflow.Session - Session await > all process finished
nov-25 12:25:13.574 [main] DEBUG nextflow.Session - Session await > all barriers passed
nov-25 12:25:13.576 [main] INFO  nextflow.Nextflow - 
===========================================
[1;32mFinished in 1m 29s

nov-25 12:25:13.580 [main] DEBUG nextflow.trace.WorkflowStatsObserver - Workflow completed > WorkflowStats[succeededCount=22; failedCount=0; ignoredCount=0; cachedCount=0; pendingCount=0; submittedCount=0; runningCount=0; retriesCount=0; abortedCount=0; succeedDuration=4m 1s; failedDuration=0ms; cachedDuration=0ms;loadCpus=0; loadMemory=0; peakRunning=7; peakCpus=7; peakMemory=0; ]
nov-25 12:25:13.797 [main] DEBUG nextflow.cache.CacheDB - Closing CacheDB done
nov-25 12:25:13.805 [main] DEBUG nextflow.script.ScriptRunner - > Execution complete -- Goodbye
